                                                                                
                                                                                
                                                                                
                                                                                
                                                                                
                                                                                
                                                                                
                                                                                
                   ╭────────────────────────────────────────╮                   
                   │                                        │                   
                   │  Search                                │                   
                   │  ────────────────────────────────────  │                   
                   │  🔍 go cli█                            │                   
                   │  Enter to confirm  Esc to cancel       │                   
                   │                                        │                   
                   ╰────────────────────────────────────────╯                   
                                                                                
                                                                                
                                                                                
                                                                                
                                                                                
                                                                                
                                                                                
                                                                                