                                                  
                                                  
                                                  
                                                  
                                                  
                                                  
                                                  
                                                  
    ╭────────────────────────────────────────╮    
    │                                        │    
    │  Search                                │    
    │  ────────────────────────────────────  │    
    │  🔍 go█                                │    
    │  Enter to confirm  Esc to cancel       │    
    │                                        │    
    ╰────────────────────────────────────────╯    
                                                  
                                                  
                                                  
                                                  
                                                  
                                                  
                                                  
                                                  