╭────────────────────────────────────────╮
│                                        │
│  Filter Trending                       │
│  ────────────────────────────────────  │
│  🔍 go cli framework█                  │
│  Enter to confirm  Esc to cancel       │
│                                        │
╰────────────────────────────────────────╯