╭────────────────────────────────────────╮
│                                        │
│  Search Stars                          │
│  ────────────────────────────────────  │
│  🔍  █                                 │
│  Enter to search  Esc to cancel        │
│                                        │
╰────────────────────────────────────────╯