╭────────────────────────────────────────╮
│                                        │
│  Search Stars                          │
│  ────────────────────────────────────  │
│  🔍 go cli framework█                  │
│  Enter to confirm  Esc to cancel       │
│                                        │
╰────────────────────────────────────────╯