╭────────────────────────────────────────╮
│                                        │
│  Search Stars                          │
│  ────────────────────────────────────  │
│  🔍 go cli framework█                  │
│  Enter to search  Esc to cancel        │
│                                        │
╰────────────────────────────────────────╯