╭────────────────────────────────────────╮
│                                        │
│  Command                               │
│  ────────────────────────────────────  │
│  🔍  █                                 │
│  Enter to confirm  Esc to cancel       │
│                                        │
╰────────────────────────────────────────╯