╭────────────────────────────────────────╮
│                                        │
│  Command                               │
│  ────────────────────────────────────  │
│  🔍 sync --full█                       │
│  Enter to confirm  Esc to cancel       │
│                                        │
╰────────────────────────────────────────╯